apiVersion: v1
kind: ServiceAccount
metadata:
  labels:
    app.kubernetes.io/instance: chartsnap
    app.kubernetes.io/managed-by: Helm
    app.kubernetes.io/name: kong
    app.kubernetes.io/version: "3.9"
    helm.sh/chart: kong-2.47.0
  name: chartsnap-kong
  namespace: 6f9a4139-1f3b-4cae-a05e-35a4a478eb91
---
apiVersion: v1
data:
  tls.crt: '###DYNAMIC_FIELD###'
  tls.key: '###DYNAMIC_FIELD###'
kind: Secret
metadata:
  labels:
    app.kubernetes.io/instance: chartsnap
    app.kubernetes.io/managed-by: Helm
    app.kubernetes.io/name: kong
    app.kubernetes.io/version: "3.9"
    helm.sh/chart: kong-2.47.0
  name: chartsnap-kong-validation-webhook-ca-keypair
  namespace: 6f9a4139-1f3b-4cae-a05e-35a4a478eb91
type: kubernetes.io/tls
---
apiVersion: v1
data:
  tls.crt: '###DYNAMIC_FIELD###'
  tls.key: '###DYNAMIC_FIELD###'
kind: Secret
metadata:
  labels:
    app.kubernetes.io/instance: chartsnap
    app.kubernetes.io/managed-by: Helm
    app.kubernetes.io/name: kong
    app.kubernetes.io/version: "3.9"
    helm.sh/chart: kong-2.47.0
  name: chartsnap-kong-validation-webhook-keypair
  namespace: 6f9a4139-1f3b-4cae-a05e-35a4a478eb91
type: kubernetes.io/tls
---
apiVersion: rbac.authorization.k8s.io/v1
kind: ClusterRole
metadata:
  labels:
    app.kubernetes.io/instance: chartsnap
    app.kubernetes.io/managed-by: Helm
    app.kubernetes.io/name: kong
    app.kubernetes.io/version: "3.9"
    helm.sh/chart: kong-2.47.0
  name: chartsnap-kong
rules:
  - apiGroups:
      - ""
    resources:
      - configmaps
    verbs:
      - get
      - list
      - watch
  - apiGroups:
      - gateway.networking.k8s.io
    resources:
      - backendtlspolicies
    verbs:
      - get
      - list
      - watch
  - apiGroups:
      - gateway.networking.k8s.io
    resources:
      - backendtlspolicies/status
    verbs:
      - patch
      - update
  - apiGroups:
      - configuration.konghq.com
    resources:
      - kongcustomentities
    verbs:
      - get
      - list
      - watch
  - apiGroups:
      - configuration.konghq.com
    resources:
      - kongcustomentities/status
    verbs:
      - get
      - patch
      - update
  - apiGroups:
      - configuration.konghq.com
    resources:
      - kongupstreampolicies
    verbs:
      - get
      - list
      - watch
  - apiGroups:
      - configuration.konghq.com
    resources:
      - kongupstreampolicies/status
    verbs:
      - get
      - patch
      - update
  - apiGroups:
      - configuration.konghq.com
    resources:
      - kongconsumergroups
    verbs:
      - get
      - list
      - watch
  - apiGroups:
      - configuration.konghq.com
    resources:
      - kongconsumergroups/status
    verbs:
      - get
      - patch
      - update
  - apiGroups:
      - ""
    resources:
      - events
    verbs:
      - create
      - patch
  - apiGroups:
      - ""
    resources:
      - nodes
    verbs:
      - list
      - watch
  - apiGroups:
      - ""
    resources:
      - pods
    verbs:
      - get
      - list
      - watch
  - apiGroups:
      - ""
    resources:
      - secrets
    verbs:
      - list
      - watch
  - apiGroups:
      - ""
    resources:
      - services
    verbs:
      - get
      - list
      - watch
  - apiGroups:
      - ""
    resources:
      - services/status
    verbs:
      - get
      - patch
      - update
  - apiGroups:
      - configuration.konghq.com
    resources:
      - ingressclassparameterses
    verbs:
      - get
      - list
      - watch
  - apiGroups:
      - configuration.konghq.com
    resources:
      - kongconsumers
    verbs:
      - get
      - list
      - watch
  - apiGroups:
      - configuration.konghq.com
    resources:
      - kongconsumers/status
    verbs:
      - get
      - patch
      - update
  - apiGroups:
      - configuration.konghq.com
    resources:
      - kongingresses
    verbs:
      - get
      - list
      - watch
  - apiGroups:
      - configuration.konghq.com
    resources:
      - kongingresses/status
    verbs:
      - get
      - patch
      - update
  - apiGroups:
      - configuration.konghq.com
    resources:
      - kongplugins
    verbs:
      - get
      - list
      - watch
  - apiGroups:
      - configuration.konghq.com
    resources:
      - kongplugins/status
    verbs:
      - get
      - patch
      - update
  - apiGroups:
      - configuration.konghq.com
    resources:
      - tcpingresses
    verbs:
      - get
      - list
      - watch
  - apiGroups:
      - configuration.konghq.com
    resources:
      - tcpingresses/status
    verbs:
      - get
      - patch
      - update
  - apiGroups:
      - configuration.konghq.com
    resources:
      - udpingresses
    verbs:
      - get
      - list
      - watch
  - apiGroups:
      - configuration.konghq.com
    resources:
      - udpingresses/status
    verbs:
      - get
      - patch
      - update
  - apiGroups:
      - extensions
    resources:
      - ingresses
    verbs:
      - get
      - list
      - watch
  - apiGroups:
      - extensions
    resources:
      - ingresses/status
    verbs:
      - get
      - patch
      - update
  - apiGroups:
      - gateway.networking.k8s.io
    resources:
      - gateways
    verbs:
      - get
      - list
      - update
      - watch
  - apiGroups:
      - gateway.networking.k8s.io
    resources:
      - gateways/status
    verbs:
      - get
      - update
  - apiGroups:
      - gateway.networking.k8s.io
    resources:
      - httproutes
    verbs:
      - get
      - list
      - watch
  - apiGroups:
      - gateway.networking.k8s.io
    resources:
      - httproutes/status
    verbs:
      - get
      - update
  - apiGroups:
      - gateway.networking.k8s.io
    resources:
      - referencegrants
    verbs:
      - get
      - list
      - watch
  - apiGroups:
      - gateway.networking.k8s.io
    resources:
      - referencegrants/status
    verbs:
      - get
  - apiGroups:
      - gateway.networking.k8s.io
    resources:
      - tcproutes
    verbs:
      - get
      - list
      - watch
  - apiGroups:
      - gateway.networking.k8s.io
    resources:
      - tcproutes/status
    verbs:
      - get
      - update
  - apiGroups:
      - gateway.networking.k8s.io
    resources:
      - tlsroutes
    verbs:
      - get
      - list
      - watch
  - apiGroups:
      - gateway.networking.k8s.io
    resources:
      - tlsroutes/status
    verbs:
      - get
      - update
  - apiGroups:
      - gateway.networking.k8s.io
    resources:
      - udproutes
    verbs:
      - get
      - list
      - watch
  - apiGroups:
      - gateway.networking.k8s.io
    resources:
      - udproutes/status
    verbs:
      - get
      - update
  - apiGroups:
      - gateway.networking.k8s.io
    resources:
      - grpcroutes
    verbs:
      - get
      - list
      - watch
  - apiGroups:
      - gateway.networking.k8s.io
    resources:
      - grpcroutes/status
    verbs:
      - get
      - patch
      - update
  - apiGroups:
      - networking.k8s.io
    resources:
      - ingresses
    verbs:
      - get
      - list
      - watch
  - apiGroups:
      - networking.k8s.io
    resources:
      - ingresses/status
    verbs:
      - get
      - patch
      - update
  - apiGroups:
      - discovery.k8s.io
    resources:
      - endpointslices
    verbs:
      - get
      - list
      - watch
  - apiGroups:
      - configuration.konghq.com
    resources:
      - konglicenses
    verbs:
      - get
      - list
      - watch
  - apiGroups:
      - configuration.konghq.com
    resources:
      - konglicenses/status
    verbs:
      - get
      - patch
      - update
  - apiGroups:
      - configuration.konghq.com
    resources:
      - kongvaults
    verbs:
      - get
      - list
      - watch
  - apiGroups:
      - configuration.konghq.com
    resources:
      - kongvaults/status
    verbs:
      - get
      - patch
      - update
  - apiGroups:
      - configuration.konghq.com
    resources:
      - kongclusterplugins
    verbs:
      - get
      - list
      - watch
  - apiGroups:
      - configuration.konghq.com
    resources:
      - kongclusterplugins/status
    verbs:
      - get
      - patch
      - update
  - apiGroups:
      - apiextensions.k8s.io
    resources:
      - customresourcedefinitions
    verbs:
      - list
      - watch
  - apiGroups:
      - gateway.networking.k8s.io
    resources:
      - gatewayclasses
    verbs:
      - get
      - list
      - watch
  - apiGroups:
      - gateway.networking.k8s.io
    resources:
      - gatewayclasses/status
    verbs:
      - get
      - update
  - apiGroups:
      - ""
    resources:
      - namespaces
    verbs:
      - get
      - list
      - watch
  - apiGroups:
      - networking.k8s.io
    resources:
      - ingressclasses
    verbs:
      - get
      - list
      - watch
---
apiVersion: rbac.authorization.k8s.io/v1
kind: ClusterRoleBinding
metadata:
  labels:
    app.kubernetes.io/instance: chartsnap
    app.kubernetes.io/managed-by: Helm
    app.kubernetes.io/name: kong
    app.kubernetes.io/version: "3.9"
    helm.sh/chart: kong-2.47.0
  name: chartsnap-kong
roleRef:
  apiGroup: rbac.authorization.k8s.io
  kind: ClusterRole
  name: chartsnap-kong
subjects:
  - kind: ServiceAccount
    name: chartsnap-kong
    namespace: 6f9a4139-1f3b-4cae-a05e-35a4a478eb91
---
apiVersion: rbac.authorization.k8s.io/v1
kind: Role
metadata:
  labels:
    app.kubernetes.io/instance: chartsnap
    app.kubernetes.io/managed-by: Helm
    app.kubernetes.io/name: kong
    app.kubernetes.io/version: "3.9"
    helm.sh/chart: kong-2.47.0
  name: chartsnap-kong
  namespace: 6f9a4139-1f3b-4cae-a05e-35a4a478eb91
rules:
  - apiGroups:
      - ""
    resources:
      - configmaps
      - pods
      - secrets
      - namespaces
    verbs:
      - get
  - apiGroups:
      - ""
    resourceNames:
      - kong-ingress-controller-leader-kong-kong
    resources:
      - configmaps
    verbs:
      - get
      - update
  - apiGroups:
      - ""
    resources:
      - configmaps
    verbs:
      - create
  - apiGroups:
      - ""
      - coordination.k8s.io
    resources:
      - configmaps
      - leases
    verbs:
      - get
      - list
      - watch
      - create
      - update
      - patch
      - delete
  - apiGroups:
      - ""
    resources:
      - events
    verbs:
      - create
      - patch
  - apiGroups:
      - ""
    resources:
      - services
    verbs:
      - get
---
apiVersion: rbac.authorization.k8s.io/v1
kind: RoleBinding
metadata:
  labels:
    app.kubernetes.io/instance: chartsnap
    app.kubernetes.io/managed-by: Helm
    app.kubernetes.io/name: kong
    app.kubernetes.io/version: "3.9"
    helm.sh/chart: kong-2.47.0
  name: chartsnap-kong
  namespace: 6f9a4139-1f3b-4cae-a05e-35a4a478eb91
roleRef:
  apiGroup: rbac.authorization.k8s.io
  kind: Role
  name: chartsnap-kong
subjects:
  - kind: ServiceAccount
    name: chartsnap-kong
    namespace: 6f9a4139-1f3b-4cae-a05e-35a4a478eb91
---
apiVersion: v1
kind: Service
metadata:
  labels:
    app.kubernetes.io/instance: chartsnap
    app.kubernetes.io/managed-by: Helm
    app.kubernetes.io/name: kong
    app.kubernetes.io/version: "3.9"
    helm.sh/chart: kong-2.47.0
  name: chartsnap-kong-validation-webhook
  namespace: 6f9a4139-1f3b-4cae-a05e-35a4a478eb91
spec:
  ports:
    - name: webhook
      port: 443
      protocol: TCP
      targetPort: webhook
  selector:
    app.kubernetes.io/component: app
    app.kubernetes.io/instance: chartsnap
    app.kubernetes.io/managed-by: Helm
    app.kubernetes.io/name: kong
    app.kubernetes.io/version: "3.9"
    helm.sh/chart: kong-2.47.0
---
apiVersion: v1
kind: Service
metadata:
  labels:
    app.kubernetes.io/instance: chartsnap
    app.kubernetes.io/managed-by: Helm
    app.kubernetes.io/name: kong
    app.kubernetes.io/version: "3.9"
    helm.sh/chart: kong-2.47.0
  name: chartsnap-kong-metrics
  namespace: 6f9a4139-1f3b-4cae-a05e-35a4a478eb91
spec:
  ports:
    - name: cmetrics
      port: 10255
      protocol: TCP
      targetPort: cmetrics
    - name: status
      port: 10254
      protocol: TCP
      targetPort: cstatus
  selector:
    app.kubernetes.io/component: app
    app.kubernetes.io/instance: chartsnap
    app.kubernetes.io/managed-by: Helm
    app.kubernetes.io/name: kong
    app.kubernetes.io/version: "3.9"
    helm.sh/chart: kong-2.47.0
---
apiVersion: v1
kind: Service
metadata:
  labels:
    app.kubernetes.io/instance: chartsnap
    app.kubernetes.io/managed-by: Helm
    app.kubernetes.io/name: kong
    app.kubernetes.io/version: "3.9"
    helm.sh/chart: kong-2.47.0
  name: chartsnap-kong-manager
  namespace: 6f9a4139-1f3b-4cae-a05e-35a4a478eb91
spec:
  ports:
    - name: kong-manager
      port: 8002
      protocol: TCP
      targetPort: 8002
    - name: kong-manager-tls
      port: 8445
      protocol: TCP
      targetPort: 8445
  selector:
    app.kubernetes.io/component: app
    app.kubernetes.io/instance: chartsnap
    app.kubernetes.io/name: kong
  type: NodePort
---
apiVersion: v1
kind: Service
metadata:
  labels:
    app.kubernetes.io/instance: chartsnap
    app.kubernetes.io/managed-by: Helm
    app.kubernetes.io/name: kong
    app.kubernetes.io/version: "3.9"
    enable-metrics: "true"
    helm.sh/chart: kong-2.47.0
  name: chartsnap-kong-proxy
  namespace: 6f9a4139-1f3b-4cae-a05e-35a4a478eb91
spec:
  ports:
    - name: kong-proxy
      port: 80
      protocol: TCP
      targetPort: 8000
    - name: kong-proxy-tls
      port: 443
      protocol: TCP
      targetPort: 8443
  selector:
    app.kubernetes.io/component: app
    app.kubernetes.io/instance: chartsnap
    app.kubernetes.io/name: kong
  type: LoadBalancer
---
apiVersion: apps/v1
kind: Deployment
metadata:
  labels:
    app.kubernetes.io/component: app
    app.kubernetes.io/instance: chartsnap
    app.kubernetes.io/managed-by: Helm
    app.kubernetes.io/name: kong
    app.kubernetes.io/version: "3.9"
    helm.sh/chart: kong-2.47.0
  name: chartsnap-kong
  namespace: 6f9a4139-1f3b-4cae-a05e-35a4a478eb91
spec:
  replicas: 1
  revisionHistoryLimit: 10
  selector:
    matchLabels:
      app.kubernetes.io/component: app
      app.kubernetes.io/instance: chartsnap
      app.kubernetes.io/name: kong
  template:
    metadata:
      annotations:
        kuma.io/gateway: enabled
        kuma.io/service-account-token-volume: chartsnap-kong-token
        traffic.sidecar.istio.io/includeInboundPorts: ""
      labels:
        app: chartsnap-kong
        app.kubernetes.io/component: app
        app.kubernetes.io/instance: chartsnap
        app.kubernetes.io/managed-by: Helm
        app.kubernetes.io/name: kong
        app.kubernetes.io/version: "3.9"
        helm.sh/chart: kong-2.47.0
        version: "3.9"
    spec:
      automountServiceAccountToken: false
      containers:
        - args: null
          env:
            - name: POD_NAME
              valueFrom:
                fieldRef:
                  apiVersion: v1
                  fieldPath: metadata.name
            - name: POD_NAMESPACE
              valueFrom:
                fieldRef:
                  apiVersion: v1
                  fieldPath: metadata.namespace
            - name: CONTROLLER_ADMISSION_WEBHOOK_LISTEN
              value: 0.0.0.0:8080
            - name: CONTROLLER_ELECTION_ID
              value: kong-ingress-controller-leader-kong
            - name: CONTROLLER_INGRESS_CLASS
              value: kong
            - name: CONTROLLER_KONG_ADMIN_TLS_SKIP_VERIFY
              value: "true"
            - name: CONTROLLER_KONG_ADMIN_URL
              value: https://localhost:8444
            - name: CONTROLLER_PUBLISH_SERVICE
              value: 6f9a4139-1f3b-4cae-a05e-35a4a478eb91/chartsnap-kong-proxy
          image: kong/kubernetes-ingress-controller:3.4
          imagePullPolicy: IfNotPresent
          livenessProbe:
            failureThreshold: 3
            httpGet:
              path: /healthz
              port: 10254
              scheme: HTTP
            initialDelaySeconds: 5
            periodSeconds: 10
            successThreshold: 1
            timeoutSeconds: 5
          name: ingress-controller
          ports:
            - containerPort: 8080
              name: webhook
              protocol: TCP
            - containerPort: 10255
              name: cmetrics
              protocol: TCP
            - containerPort: 10254
              name: cstatus
              protocol: TCP
          readinessProbe:
            failureThreshold: 3
            httpGet:
              path: /readyz
              port: 10254
              scheme: HTTP
            initialDelaySeconds: 5
            periodSeconds: 10
            successThreshold: 1
            timeoutSeconds: 5
          resources: {}
          securityContext:
            allowPrivilegeEscalation: false
            capabilities:
              drop:
                - ALL
            readOnlyRootFilesystem: true
            runAsGroup: 1000
            runAsNonRoot: true
            runAsUser: 1000
            seccompProfile:
              type: RuntimeDefault
          volumeMounts:
            - mountPath: /admission-webhook
              name: webhook-cert
              readOnly: true
            - mountPath: /var/run/secrets/kubernetes.io/serviceaccount
              name: chartsnap-kong-token
              readOnly: true
        - env:
            - name: KONG_ADMIN_ACCESS_LOG
              value: /dev/stdout
            - name: KONG_ADMIN_ERROR_LOG
              value: /dev/stderr
            - name: KONG_ADMIN_GUI_ACCESS_LOG
              value: /dev/stdout
            - name: KONG_ADMIN_GUI_ERROR_LOG
              value: /dev/stderr
            - name: KONG_ADMIN_LISTEN
              value: 127.0.0.1:8444 http2 ssl, [::1]:8444 http2 ssl
            - name: KONG_CLUSTER_LISTEN
              value: "off"
            - name: KONG_DATABASE
              value: "off"
            - name: KONG_KIC
              value: "on"
            - name: KONG_LUA_PACKAGE_PATH
              value: /opt/?.lua;/opt/?/init.lua;;
            - name: KONG_NGINX_WORKER_PROCESSES
              value: "2"
            - name: KONG_PORTAL_API_ACCESS_LOG
              value: /dev/stdout
            - name: KONG_PORTAL_API_ERROR_LOG
              value: /dev/stderr
            - name: KONG_PORT_MAPS
              value: 80:8000, 443:8443
            - name: KONG_PREFIX
              value: /kong_prefix/
            - name: KONG_PROXY_ACCESS_LOG
              value: /dev/stdout
            - name: KONG_PROXY_ERROR_LOG
              value: /dev/stderr
            - name: KONG_PROXY_LISTEN
              value: 0.0.0.0:8000, [::]:8000, 0.0.0.0:8443 http2 ssl, [::]:8443 http2 ssl
            - name: KONG_PROXY_STREAM_ACCESS_LOG
              value: /dev/stdout basic
            - name: KONG_PROXY_STREAM_ERROR_LOG
              value: /dev/stderr
            - name: KONG_ROUTER_FLAVOR
              value: traditional
            - name: KONG_STATUS_ACCESS_LOG
              value: "off"
            - name: KONG_STATUS_ERROR_LOG
              value: /dev/stderr
            - name: KONG_STATUS_LISTEN
              value: 0.0.0.0:8100, [::]:8100
            - name: KONG_STREAM_LISTEN
              value: "off"
            - name: KONG_NGINX_DAEMON
              value: "off"
          image: kong:3.9
          imagePullPolicy: IfNotPresent
          lifecycle:
            preStop:
              exec:
                command:
                  - kong
                  - quit
                  - --wait=15
          livenessProbe:
            failureThreshold: 3
            httpGet:
              path: /status
              port: status
              scheme: HTTP
            initialDelaySeconds: 5
            periodSeconds: 10
            successThreshold: 1
            timeoutSeconds: 5
          name: proxy
          ports:
            - containerPort: 8000
              name: proxy
              protocol: TCP
            - containerPort: 8443
              name: proxy-tls
              protocol: TCP
            - containerPort: 8100
              name: status
              protocol: TCP
          readinessProbe:
            failureThreshold: 3
            httpGet:
              path: /status/ready
              port: status
              scheme: HTTP
            initialDelaySeconds: 5
            periodSeconds: 10
            successThreshold: 1
            timeoutSeconds: 5
          resources: {}
          securityContext:
            allowPrivilegeEscalation: false
            capabilities:
              drop:
                - ALL
            readOnlyRootFilesystem: true
            runAsGroup: 1000
            runAsNonRoot: true
            runAsUser: 1000
            seccompProfile:
              type: RuntimeDefault
          volumeMounts:
            - mountPath: /kong_prefix/
              name: chartsnap-kong-prefix-dir
            - mountPath: /tmp
              name: chartsnap-kong-tmp
      initContainers:
        - command:
            - rm
            - -vrf
            - $KONG_PREFIX/pids
          env:
            - name: KONG_ADMIN_ACCESS_LOG
              value: /dev/stdout
            - name: KONG_ADMIN_ERROR_LOG
              value: /dev/stderr
            - name: KONG_ADMIN_GUI_ACCESS_LOG
              value: /dev/stdout
            - name: KONG_ADMIN_GUI_ERROR_LOG
              value: /dev/stderr
            - name: KONG_ADMIN_LISTEN
              value: 127.0.0.1:8444 http2 ssl, [::1]:8444 http2 ssl
            - name: KONG_CLUSTER_LISTEN
              value: "off"
            - name: KONG_DATABASE
              value: "off"
            - name: KONG_KIC
              value: "on"
            - name: KONG_LUA_PACKAGE_PATH
              value: /opt/?.lua;/opt/?/init.lua;;
            - name: KONG_NGINX_WORKER_PROCESSES
              value: "2"
            - name: KONG_PORTAL_API_ACCESS_LOG
              value: /dev/stdout
            - name: KONG_PORTAL_API_ERROR_LOG
              value: /dev/stderr
            - name: KONG_PORT_MAPS
              value: 80:8000, 443:8443
            - name: KONG_PREFIX
              value: /kong_prefix/
            - name: KONG_PROXY_ACCESS_LOG
              value: /dev/stdout
            - name: KONG_PROXY_ERROR_LOG
              value: /dev/stderr
            - name: KONG_PROXY_LISTEN
              value: 0.0.0.0:8000, [::]:8000, 0.0.0.0:8443 http2 ssl, [::]:8443 http2 ssl
            - name: KONG_PROXY_STREAM_ACCESS_LOG
              value: /dev/stdout basic
            - name: KONG_PROXY_STREAM_ERROR_LOG
              value: /dev/stderr
            - name: KONG_ROUTER_FLAVOR
              value: traditional
            - name: KONG_STATUS_ACCESS_LOG
              value: "off"
            - name: KONG_STATUS_ERROR_LOG
              value: /dev/stderr
            - name: KONG_STATUS_LISTEN
              value: 0.0.0.0:8100, [::]:8100
            - name: KONG_STREAM_LISTEN
              value: "off"
          image: kong:3.9
          imagePullPolicy: IfNotPresent
          name: clear-stale-pid
          resources: {}
          securityContext:
            allowPrivilegeEscalation: false
            capabilities:
              drop:
                - ALL
            readOnlyRootFilesystem: true
            runAsGroup: 1000
            runAsNonRoot: true
            runAsUser: 1000
            seccompProfile:
              type: RuntimeDefault
          volumeMounts:
            - mountPath: /kong_prefix/
              name: chartsnap-kong-prefix-dir
            - mountPath: /tmp
              name: chartsnap-kong-tmp
      securityContext:
        seccompProfile:
          type: RuntimeDefault
      serviceAccountName: chartsnap-kong
      terminationGracePeriodSeconds: 30
      volumes:
        - emptyDir:
            sizeLimit: 256Mi
          name: chartsnap-kong-prefix-dir
        - emptyDir:
            sizeLimit: 1Gi
          name: chartsnap-kong-tmp
        - name: chartsnap-kong-token
          projected:
            sources:
              - serviceAccountToken:
                  expirationSeconds: 3607
                  path: token
              - configMap:
                  items:
                    - key: ca.crt
                      path: ca.crt
                  name: kube-root-ca.crt
              - downwardAPI:
                  items:
                    - fieldRef:
                        apiVersion: v1
                        fieldPath: metadata.namespace
                      path: namespace
        - name: webhook-cert
          secret:
            secretName: chartsnap-kong-validation-webhook-keypair
---
apiVersion: admissionregistration.k8s.io/v1
kind: ValidatingWebhookConfiguration
metadata:
  labels:
    app.kubernetes.io/instance: chartsnap
    app.kubernetes.io/managed-by: Helm
    app.kubernetes.io/name: kong
    app.kubernetes.io/version: "3.9"
    helm.sh/chart: kong-2.47.0
  name: chartsnap-kong-6f9a4139-1f3b-4cae-a05e-35a4a478eb91-validations
webhooks:
  - admissionReviewVersions:
      - v1
    clientConfig:
      caBundle: LS0tLS1CRUdJTiBDRVJUSUZJQ0FURS0tLS0tCk1JSURJekNDQWd1Z0F3SUJBZ0lRVjJxN3I0WnRaMlV6Yzg5K3NnSEt0akFOQmdrcWhraUc5dzBCQVFzRkFEQWMKTVJvd0dBWURWUVFERXhGcmIyNW5MV0ZrYldsemMybHZiaTFqWVRBZUZ3MHlOVEF6TURVeE9EUXpORFJhRncwegpOVEF6TURNeE9EUXpORFJhTUJ3eEdqQVlCZ05WQkFNVEVXdHZibWN0WVdSdGFYTnphVzl1TFdOaE1JSUJJakFOCkJna3Foa2lHOXcwQkFRRUZBQU9DQVE4QU1JSUJDZ0tDQVFFQXFhNmM1VDBUcU04K2liYXRWZGptWmJWWko5V2kKWDZhWDJFbzFNcEtYdUhWSkgrbWVVcFM0RFRKcmd1a0xSVTQ4RkRsdTNOTTRGbk1IcGdjMmNGMEhVWmh1Sm5vcAp0QytxWUhEMmk1Nllnb0gvV25ja00vYkxQVUhtcFB3VWpmV05wTHhCdHZiSmFlOUZBM3FGQjc1eDBqMU0vQ3dwCjduMktBcFd4ZWJBZTJTNUI1T1hGdHIxRExOT1IwOUxqZGx0V0N2MGh4Y0FFa29NdWxPUE9lY2d6U0xtM3JqcnAKTC9kM05ZMENhT1VpeElpb1FnRkFIMStaSWVkSzFvTVc1SDZubmgxNlU2RFU3OVRjOW9DL3JBNWx4cnRZSmE2Vwp3OU1WNUk2bmpFS2JSeHBHM05KdGZMQXNqRjdMZEY3OHJteHFuTlkzTkpUTmNLeHhMYkloQVd3Z3JRSURBUUFCCm8yRXdYekFPQmdOVkhROEJBZjhFQkFNQ0FxUXdIUVlEVlIwbEJCWXdGQVlJS3dZQkJRVUhBd0VHQ0NzR0FRVUYKQndNQ01BOEdBMVVkRXdFQi93UUZNQU1CQWY4d0hRWURWUjBPQkJZRUZKY0hpVzdyVThobGVkYlhsSjRjc1p2NQpmL3hFTUEwR0NTcUdTSWIzRFFFQkN3VUFBNElCQVFCUThMNDRtdHFMUzZXR3Mvb3BmTVBFdzNkNVRFeFd5VzRICnlneEhZYnM3bzl0aGtHaW8yczRtaEhyZUpVMm1rM0g1R0plTHpVU2toMURid3U2SkNGS2FvTFJ4OGxRVWYxc3YKYjh4dWpibm8zZUpud3FMeG1xbmFPd1U5c08rb1dxY0ZPMWhWUXhwcURtN21pcGE2MWpCUHNaUTAyVkhUZmxmWgpnQnVsSGNsL2h3QlNTNG9BaXlIQUZ3NXZWTXVNbXRNbnc0SEdBdm02eDU0T0xybVoxZjFyTEpwM1hwcjVpSDg3CkVTaktmOGk5QXJsczcyYnBlMmZoV0N4SWZZcDZqTEhTQUpMcUdGcGJYRkZkWUMwSjAxNFZQUVQwR0RVMlV5ekQKSVNNcjhDenYvSDZoYkhxejFnT3NmR3V2TCtKYUgreVZMbU5YNWowMHVNWkl5RE40a3AyZAotLS0tLUVORCBDRVJUSUZJQ0FURS0tLS0tCg==
      service:
        name: chartsnap-kong-validation-webhook
        namespace: 6f9a4139-1f3b-4cae-a05e-35a4a478eb91
    failurePolicy: Ignore
    matchPolicy: Exact
    name: secrets.credentials.validation.ingress-controller.konghq.com
    objectSelector:
      matchExpressions:
        - key: konghq.com/credential
          operator: Exists
        - key: konghq.com/credential
          operator: NotIn
          values:
            - konnect
    rules:
      - apiGroups:
          - ""
        apiVersions:
          - v1
        operations:
          - CREATE
          - UPDATE
        resources:
          - secrets
    sideEffects: None
    timeoutSeconds: 5
  - admissionReviewVersions:
      - v1
    clientConfig:
      caBundle: LS0tLS1CRUdJTiBDRVJUSUZJQ0FURS0tLS0tCk1JSURJekNDQWd1Z0F3SUJBZ0lRVjJxN3I0WnRaMlV6Yzg5K3NnSEt0akFOQmdrcWhraUc5dzBCQVFzRkFEQWMKTVJvd0dBWURWUVFERXhGcmIyNW5MV0ZrYldsemMybHZiaTFqWVRBZUZ3MHlOVEF6TURVeE9EUXpORFJhRncwegpOVEF6TURNeE9EUXpORFJhTUJ3eEdqQVlCZ05WQkFNVEVXdHZibWN0WVdSdGFYTnphVzl1TFdOaE1JSUJJakFOCkJna3Foa2lHOXcwQkFRRUZBQU9DQVE4QU1JSUJDZ0tDQVFFQXFhNmM1VDBUcU04K2liYXRWZGptWmJWWko5V2kKWDZhWDJFbzFNcEtYdUhWSkgrbWVVcFM0RFRKcmd1a0xSVTQ4RkRsdTNOTTRGbk1IcGdjMmNGMEhVWmh1Sm5vcAp0QytxWUhEMmk1Nllnb0gvV25ja00vYkxQVUhtcFB3VWpmV05wTHhCdHZiSmFlOUZBM3FGQjc1eDBqMU0vQ3dwCjduMktBcFd4ZWJBZTJTNUI1T1hGdHIxRExOT1IwOUxqZGx0V0N2MGh4Y0FFa29NdWxPUE9lY2d6U0xtM3JqcnAKTC9kM05ZMENhT1VpeElpb1FnRkFIMStaSWVkSzFvTVc1SDZubmgxNlU2RFU3OVRjOW9DL3JBNWx4cnRZSmE2Vwp3OU1WNUk2bmpFS2JSeHBHM05KdGZMQXNqRjdMZEY3OHJteHFuTlkzTkpUTmNLeHhMYkloQVd3Z3JRSURBUUFCCm8yRXdYekFPQmdOVkhROEJBZjhFQkFNQ0FxUXdIUVlEVlIwbEJCWXdGQVlJS3dZQkJRVUhBd0VHQ0NzR0FRVUYKQndNQ01BOEdBMVVkRXdFQi93UUZNQU1CQWY4d0hRWURWUjBPQkJZRUZKY0hpVzdyVThobGVkYlhsSjRjc1p2NQpmL3hFTUEwR0NTcUdTSWIzRFFFQkN3VUFBNElCQVFCUThMNDRtdHFMUzZXR3Mvb3BmTVBFdzNkNVRFeFd5VzRICnlneEhZYnM3bzl0aGtHaW8yczRtaEhyZUpVMm1rM0g1R0plTHpVU2toMURid3U2SkNGS2FvTFJ4OGxRVWYxc3YKYjh4dWpibm8zZUpud3FMeG1xbmFPd1U5c08rb1dxY0ZPMWhWUXhwcURtN21pcGE2MWpCUHNaUTAyVkhUZmxmWgpnQnVsSGNsL2h3QlNTNG9BaXlIQUZ3NXZWTXVNbXRNbnc0SEdBdm02eDU0T0xybVoxZjFyTEpwM1hwcjVpSDg3CkVTaktmOGk5QXJsczcyYnBlMmZoV0N4SWZZcDZqTEhTQUpMcUdGcGJYRkZkWUMwSjAxNFZQUVQwR0RVMlV5ekQKSVNNcjhDenYvSDZoYkhxejFnT3NmR3V2TCtKYUgreVZMbU5YNWowMHVNWkl5RE40a3AyZAotLS0tLUVORCBDRVJUSUZJQ0FURS0tLS0tCg==
      service:
        name: chartsnap-kong-validation-webhook
        namespace: 6f9a4139-1f3b-4cae-a05e-35a4a478eb91
    failurePolicy: Ignore
    matchPolicy: Exact
    name: secrets.plugins.validation.ingress-controller.konghq.com
    objectSelector:
      matchExpressions:
        - key: konghq.com/validate
          operator: Exists
        - key: konghq.com/credential
          operator: NotIn
          values:
            - konnect
    rules:
      - apiGroups:
          - ""
        apiVersions:
          - v1
        operations:
          - CREATE
          - UPDATE
        resources:
          - secrets
    sideEffects: None
    timeoutSeconds: 5
  - admissionReviewVersions:
      - v1beta1
    clientConfig:
      caBundle: LS0tLS1CRUdJTiBDRVJUSUZJQ0FURS0tLS0tCk1JSURJekNDQWd1Z0F3SUJBZ0lRVjJxN3I0WnRaMlV6Yzg5K3NnSEt0akFOQmdrcWhraUc5dzBCQVFzRkFEQWMKTVJvd0dBWURWUVFERXhGcmIyNW5MV0ZrYldsemMybHZiaTFqWVRBZUZ3MHlOVEF6TURVeE9EUXpORFJhRncwegpOVEF6TURNeE9EUXpORFJhTUJ3eEdqQVlCZ05WQkFNVEVXdHZibWN0WVdSdGFYTnphVzl1TFdOaE1JSUJJakFOCkJna3Foa2lHOXcwQkFRRUZBQU9DQVE4QU1JSUJDZ0tDQVFFQXFhNmM1VDBUcU04K2liYXRWZGptWmJWWko5V2kKWDZhWDJFbzFNcEtYdUhWSkgrbWVVcFM0RFRKcmd1a0xSVTQ4RkRsdTNOTTRGbk1IcGdjMmNGMEhVWmh1Sm5vcAp0QytxWUhEMmk1Nllnb0gvV25ja00vYkxQVUhtcFB3VWpmV05wTHhCdHZiSmFlOUZBM3FGQjc1eDBqMU0vQ3dwCjduMktBcFd4ZWJBZTJTNUI1T1hGdHIxRExOT1IwOUxqZGx0V0N2MGh4Y0FFa29NdWxPUE9lY2d6U0xtM3JqcnAKTC9kM05ZMENhT1VpeElpb1FnRkFIMStaSWVkSzFvTVc1SDZubmgxNlU2RFU3OVRjOW9DL3JBNWx4cnRZSmE2Vwp3OU1WNUk2bmpFS2JSeHBHM05KdGZMQXNqRjdMZEY3OHJteHFuTlkzTkpUTmNLeHhMYkloQVd3Z3JRSURBUUFCCm8yRXdYekFPQmdOVkhROEJBZjhFQkFNQ0FxUXdIUVlEVlIwbEJCWXdGQVlJS3dZQkJRVUhBd0VHQ0NzR0FRVUYKQndNQ01BOEdBMVVkRXdFQi93UUZNQU1CQWY4d0hRWURWUjBPQkJZRUZKY0hpVzdyVThobGVkYlhsSjRjc1p2NQpmL3hFTUEwR0NTcUdTSWIzRFFFQkN3VUFBNElCQVFCUThMNDRtdHFMUzZXR3Mvb3BmTVBFdzNkNVRFeFd5VzRICnlneEhZYnM3bzl0aGtHaW8yczRtaEhyZUpVMm1rM0g1R0plTHpVU2toMURid3U2SkNGS2FvTFJ4OGxRVWYxc3YKYjh4dWpibm8zZUpud3FMeG1xbmFPd1U5c08rb1dxY0ZPMWhWUXhwcURtN21pcGE2MWpCUHNaUTAyVkhUZmxmWgpnQnVsSGNsL2h3QlNTNG9BaXlIQUZ3NXZWTXVNbXRNbnc0SEdBdm02eDU0T0xybVoxZjFyTEpwM1hwcjVpSDg3CkVTaktmOGk5QXJsczcyYnBlMmZoV0N4SWZZcDZqTEhTQUpMcUdGcGJYRkZkWUMwSjAxNFZQUVQwR0RVMlV5ekQKSVNNcjhDenYvSDZoYkhxejFnT3NmR3V2TCtKYUgreVZMbU5YNWowMHVNWkl5RE40a3AyZAotLS0tLUVORCBDRVJUSUZJQ0FURS0tLS0tCg==
      service:
        name: chartsnap-kong-validation-webhook
        namespace: 6f9a4139-1f3b-4cae-a05e-35a4a478eb91
    failurePolicy: Ignore
    matchConditions:
      - expression: '!(request.resource.group == "coordination.k8s.io" && request.resource.resource == "leases")'
        name: exclude-leases
      - expression: '!("system:nodes" in request.userInfo.groups)'
        name: exclude-kubelet-requests
      - expression: request.resource.group != "rbac.authorization.k8s.io"
        name: rbac
    matchPolicy: Exact
    name: validations.kong.konghq.com
    objectSelector:
      matchExpressions:
        - key: owner
          operator: NotIn
          values:
            - helm
        - key: infra
          operator: In
          values:
            - cloud
    rules:
      - apiGroups:
          - configuration.konghq.com
        apiVersions:
          - '*'
        operations:
          - CREATE
          - UPDATE
        resources:
          - kongconsumers
          - kongplugins
          - kongclusterplugins
          - kongingresses
      - apiGroups:
          - ""
        apiVersions:
          - v1
        operations:
          - CREATE
          - UPDATE
        resources:
          - services
      - apiGroups:
          - networking.k8s.io
        apiVersions:
          - v1
        operations:
          - CREATE
          - UPDATE
        resources:
          - ingresses
      - apiGroups:
          - gateway.networking.k8s.io
        apiVersions:
          - v1alpha2
          - v1beta1
          - v1
        operations:
          - CREATE
          - UPDATE
        resources:
          - gateways
          - httproutes
    sideEffects: None
    timeoutSeconds: 5
