# chartsnap: snapshot_version=v3
---
# Source: kong/templates/service-account.yaml
apiVersion: v1
kind: ServiceAccount
metadata:
  name: chartsnap-kong
  namespace: default
  labels:
    app.kubernetes.io/name: kong
    helm.sh/chart: kong-2.49.0
    app.kubernetes.io/instance: "chartsnap"
    app.kubernetes.io/managed-by: "Helm"
    app.kubernetes.io/version: "3.9"
---
# Source: kong/templates/admission-webhook.yaml
apiVersion: v1
kind: Secret
metadata:
  name: chartsnap-kong-validation-webhook-ca-keypair
  namespace: default
  labels:
    app.kubernetes.io/name: kong
    helm.sh/chart: kong-2.49.0
    app.kubernetes.io/instance: "chartsnap"
    app.kubernetes.io/managed-by: "Helm"
    app.kubernetes.io/version: "3.9"
type: kubernetes.io/tls
data:
  tls.crt: '###DYNAMIC_FIELD###'
  tls.key: '###DYNAMIC_FIELD###'
---
# Source: kong/templates/admission-webhook.yaml
apiVersion: v1
kind: Secret
metadata:
  name: chartsnap-kong-validation-webhook-keypair
  namespace: default
  labels:
    app.kubernetes.io/name: kong
    helm.sh/chart: kong-2.49.0
    app.kubernetes.io/instance: "chartsnap"
    app.kubernetes.io/managed-by: "Helm"
    app.kubernetes.io/version: "3.9"
type: kubernetes.io/tls
data:
  tls.crt: '###DYNAMIC_FIELD###'
  tls.key: '###DYNAMIC_FIELD###'
---
# Source: kong/templates/secret-konnect-license.yaml
apiVersion: v1
kind: Secret
metadata:
  namespace: default
  name: konnect-license-aaaa
---
# Source: kong/templates/controller-rbac-resources.yaml
apiVersion: rbac.authorization.k8s.io/v1
kind: ClusterRole
metadata:
  labels:
    app.kubernetes.io/name: kong
    helm.sh/chart: kong-2.49.0
    app.kubernetes.io/instance: "chartsnap"
    app.kubernetes.io/managed-by: "Helm"
    app.kubernetes.io/version: "3.9"
  name: chartsnap-kong
rules:
- apiGroups:
  - ""
  resources:
  - secrets
  resourceNames:
  - konnect-license-aaaa
  verbs:
  - get
  - update
- apiGroups:
  - ""
  resources:
  - configmaps
  verbs:
  - get
  - list
  - watch
- apiGroups:
  - gateway.networking.k8s.io
  resources:
  - backendtlspolicies
  verbs:
  - get
  - list
  - watch
- apiGroups:
  - gateway.networking.k8s.io
  resources:
  - backendtlspolicies/status
  verbs:
  - patch
  - update
- apiGroups:
  - configuration.konghq.com
  resources:
  - kongcustomentities
  verbs:
  - get
  - list
  - watch
- apiGroups:
  - configuration.konghq.com
  resources:
  - kongcustomentities/status
  verbs:
  - get
  - patch
  - update
- apiGroups:
  - configuration.konghq.com
  resources:
  - kongupstreampolicies
  verbs:
  - get
  - list
  - watch
- apiGroups:
  - configuration.konghq.com
  resources:
  - kongupstreampolicies/status
  verbs:
  - get
  - patch
  - update
- apiGroups:
  - configuration.konghq.com
  resources:
  - kongconsumergroups
  verbs:
  - get
  - list
  - watch
- apiGroups:
  - configuration.konghq.com
  resources:
  - kongconsumergroups/status
  verbs:
  - get
  - patch
  - update
- apiGroups:
  - ""
  resources:
  - events
  verbs:
  - create
  - patch
- apiGroups:
  - ""
  resources:
  - nodes
  verbs:
  - list
  - watch
- apiGroups:
  - ""
  resources:
  - pods
  verbs:
  - get
  - list
  - watch
- apiGroups:
  - ""
  resources:
  - secrets
  verbs:
  - list
  - watch
- apiGroups:
  - ""
  resources:
  - services
  verbs:
  - get
  - list
  - watch
- apiGroups:
  - ""
  resources:
  - services/status
  verbs:
  - get
  - patch
  - update
- apiGroups:
  - configuration.konghq.com
  resources:
  - ingressclassparameterses
  verbs:
  - get
  - list
  - watch
- apiGroups:
  - configuration.konghq.com
  resources:
  - kongconsumers
  verbs:
  - get
  - list
  - watch
- apiGroups:
  - configuration.konghq.com
  resources:
  - kongconsumers/status
  verbs:
  - get
  - patch
  - update
- apiGroups:
  - configuration.konghq.com
  resources:
  - kongingresses
  verbs:
  - get
  - list
  - watch
- apiGroups:
  - configuration.konghq.com
  resources:
  - kongingresses/status
  verbs:
  - get
  - patch
  - update
- apiGroups:
  - configuration.konghq.com
  resources:
  - kongplugins
  verbs:
  - get
  - list
  - watch
- apiGroups:
  - configuration.konghq.com
  resources:
  - kongplugins/status
  verbs:
  - get
  - patch
  - update
- apiGroups:
  - configuration.konghq.com
  resources:
  - tcpingresses
  verbs:
  - get
  - list
  - watch
- apiGroups:
  - configuration.konghq.com
  resources:
  - tcpingresses/status
  verbs:
  - get
  - patch
  - update
- apiGroups:
  - configuration.konghq.com
  resources:
  - udpingresses
  verbs:
  - get
  - list
  - watch
- apiGroups:
  - configuration.konghq.com
  resources:
  - udpingresses/status
  verbs:
  - get
  - patch
  - update
- apiGroups:
  - extensions
  resources:
  - ingresses
  verbs:
  - get
  - list
  - watch
- apiGroups:
  - extensions
  resources:
  - ingresses/status
  verbs:
  - get
  - patch
  - update
- apiGroups:
  - gateway.networking.k8s.io
  resources:
  - gateways
  verbs:
  - get
  - list
  - update
  - watch
- apiGroups:
  - gateway.networking.k8s.io
  resources:
  - gateways/status
  verbs:
  - get
  - update
- apiGroups:
  - gateway.networking.k8s.io
  resources:
  - httproutes
  verbs:
  - get
  - list
  - watch
- apiGroups:
  - gateway.networking.k8s.io
  resources:
  - httproutes/status
  verbs:
  - get
  - update
- apiGroups:
  - gateway.networking.k8s.io
  resources:
  - referencegrants
  verbs:
  - get
  - list
  - watch
- apiGroups:
  - gateway.networking.k8s.io
  resources:
  - referencegrants/status
  verbs:
  - get
- apiGroups:
  - gateway.networking.k8s.io
  resources:
  - tcproutes
  verbs:
  - get
  - list
  - watch
- apiGroups:
  - gateway.networking.k8s.io
  resources:
  - tcproutes/status
  verbs:
  - get
  - update
- apiGroups:
  - gateway.networking.k8s.io
  resources:
  - tlsroutes
  verbs:
  - get
  - list
  - watch
- apiGroups:
  - gateway.networking.k8s.io
  resources:
  - tlsroutes/status
  verbs:
  - get
  - update
- apiGroups:
  - gateway.networking.k8s.io
  resources:
  - udproutes
  verbs:
  - get
  - list
  - watch
- apiGroups:
  - gateway.networking.k8s.io
  resources:
  - udproutes/status
  verbs:
  - get
  - update
- apiGroups:
  - gateway.networking.k8s.io
  resources:
  - grpcroutes
  verbs:
  - get
  - list
  - watch
- apiGroups:
  - gateway.networking.k8s.io
  resources:
  - grpcroutes/status
  verbs:
  - get
  - patch
  - update
- apiGroups:
  - networking.k8s.io
  resources:
  - ingresses
  verbs:
  - get
  - list
  - watch
- apiGroups:
  - networking.k8s.io
  resources:
  - ingresses/status
  verbs:
  - get
  - patch
  - update
- apiGroups:
  - discovery.k8s.io
  resources:
  - endpointslices
  verbs:
  - get
  - list
  - watch
- apiGroups:
  - configuration.konghq.com
  resources:
  - konglicenses
  verbs:
  - get
  - list
  - watch
- apiGroups:
  - configuration.konghq.com
  resources:
  - konglicenses/status
  verbs:
  - get
  - patch
  - update
- apiGroups:
  - configuration.konghq.com
  resources:
  - kongvaults
  verbs:
  - get
  - list
  - watch
- apiGroups:
  - configuration.konghq.com
  resources:
  - kongvaults/status
  verbs:
  - get
  - patch
  - update
- apiGroups:
  - configuration.konghq.com
  resources:
  - kongclusterplugins
  verbs:
  - get
  - list
  - watch
- apiGroups:
  - configuration.konghq.com
  resources:
  - kongclusterplugins/status
  verbs:
  - get
  - patch
  - update
- apiGroups:
  - apiextensions.k8s.io
  resources:
  - customresourcedefinitions
  verbs:
  - list
  - watch
- apiGroups:
  - gateway.networking.k8s.io
  resources:
  - gatewayclasses
  verbs:
  - get
  - list
  - watch
- apiGroups:
  - gateway.networking.k8s.io
  resources:
  - gatewayclasses/status
  verbs:
  - get
  - update
- apiGroups:
  - ""
  resources:
  - namespaces
  verbs:
  - get
  - list
  - watch
- apiGroups:
  - networking.k8s.io
  resources:
  - ingressclasses
  verbs:
  - get
  - list
  - watch
---
# Source: kong/templates/controller-rbac-resources.yaml
apiVersion: rbac.authorization.k8s.io/v1
kind: ClusterRoleBinding
metadata:
  name: chartsnap-kong
  labels:
    app.kubernetes.io/name: kong
    helm.sh/chart: kong-2.49.0
    app.kubernetes.io/instance: "chartsnap"
    app.kubernetes.io/managed-by: "Helm"
    app.kubernetes.io/version: "3.9"
roleRef:
  apiGroup: rbac.authorization.k8s.io
  kind: ClusterRole
  name: chartsnap-kong
subjects:
- kind: ServiceAccount
  name: chartsnap-kong
  namespace: default
---
# Source: kong/templates/controller-rbac-resources.yaml
apiVersion: rbac.authorization.k8s.io/v1
kind: Role
metadata:
  name: chartsnap-kong
  namespace: default
  labels:
    app.kubernetes.io/name: kong
    helm.sh/chart: kong-2.49.0
    app.kubernetes.io/instance: "chartsnap"
    app.kubernetes.io/managed-by: "Helm"
    app.kubernetes.io/version: "3.9"
rules:
- apiGroups:
  - ""
  resources:
  - configmaps
  - pods
  - secrets
  - namespaces
  verbs:
  - get
- apiGroups:
  - ""
  resources:
  - configmaps
  resourceNames:
  # Defaults to "<election-id>-<ingress-class>"
  # Here: "<kong-ingress-controller-leader-nginx>-<nginx>"
  # This has to be adapted if you change either parameter
  # when launching the nginx-ingress-controller.
  - "kong-ingress-controller-leader-kong-kong"
  verbs:
  - get
  - update
- apiGroups:
  - ""
  resources:
  - configmaps
  verbs:
  - create
# Begin KIC 2.x leader permissions
- apiGroups:
  - ""
  - coordination.k8s.io
  resources:
  - configmaps
  - leases
  verbs:
  - get
  - list
  - watch
  - create
  - update
  - patch
  - delete
- apiGroups:
  - ""
  resources:
  - events
  verbs:
  - create
  - patch
- apiGroups:
  - ""
  resources:
  - services
  verbs:
  - get
---
# Source: kong/templates/controller-rbac-resources.yaml
apiVersion: rbac.authorization.k8s.io/v1
kind: RoleBinding
metadata:
  name: chartsnap-kong
  namespace: default
  labels:
    app.kubernetes.io/name: kong
    helm.sh/chart: kong-2.49.0
    app.kubernetes.io/instance: "chartsnap"
    app.kubernetes.io/managed-by: "Helm"
    app.kubernetes.io/version: "3.9"
roleRef:
  apiGroup: rbac.authorization.k8s.io
  kind: Role
  name: chartsnap-kong
subjects:
- kind: ServiceAccount
  name: chartsnap-kong
  namespace: default
---
# Source: kong/templates/admission-webhook.yaml
apiVersion: v1
kind: Service
metadata:
  name: chartsnap-kong-validation-webhook
  namespace: default
  labels:
    app.kubernetes.io/name: kong
    helm.sh/chart: kong-2.49.0
    app.kubernetes.io/instance: "chartsnap"
    app.kubernetes.io/managed-by: "Helm"
    app.kubernetes.io/version: "3.9"
spec:
  ports:
  - name: webhook
    port: 443
    protocol: TCP
    targetPort: webhook
  selector:
    app.kubernetes.io/name: kong
    helm.sh/chart: kong-2.49.0
    app.kubernetes.io/instance: "chartsnap"
    app.kubernetes.io/managed-by: "Helm"
    app.kubernetes.io/version: "3.9"
    app.kubernetes.io/component: app
---
# Source: kong/templates/controller-service-metrics.yaml
apiVersion: v1
kind: Service
metadata:
  name: chartsnap-kong-metrics
  namespace: default
  labels:
    app.kubernetes.io/name: kong
    helm.sh/chart: kong-2.49.0
    app.kubernetes.io/instance: "chartsnap"
    app.kubernetes.io/managed-by: "Helm"
    app.kubernetes.io/version: "3.9"
spec:
  ports:
  - name: cmetrics
    port: 10255
    protocol: TCP
    targetPort: cmetrics
  - name: status
    port: 10254
    protocol: TCP
    targetPort: cstatus
  selector:
    app.kubernetes.io/name: kong
    helm.sh/chart: kong-2.49.0
    app.kubernetes.io/instance: "chartsnap"
    app.kubernetes.io/managed-by: "Helm"
    app.kubernetes.io/version: "3.9"
    app.kubernetes.io/component: app
---
# Source: kong/templates/deployment.yaml
apiVersion: apps/v1
kind: Deployment
metadata:
  name: chartsnap-kong
  namespace: default
  labels:
    app.kubernetes.io/name: kong
    helm.sh/chart: kong-2.49.0
    app.kubernetes.io/instance: "chartsnap"
    app.kubernetes.io/managed-by: "Helm"
    app.kubernetes.io/version: "3.9"
    app.kubernetes.io/component: app
spec:
  replicas: 1
  revisionHistoryLimit: 10
  selector:
    matchLabels:
      app.kubernetes.io/name: kong
      app.kubernetes.io/component: app
      app.kubernetes.io/instance: "chartsnap"
  template:
    metadata:
      annotations:
        kuma.io/service-account-token-volume: chartsnap-kong-token
        kuma.io/gateway: "enabled"
        traffic.sidecar.istio.io/includeInboundPorts: ""
      labels:
        app.kubernetes.io/name: kong
        helm.sh/chart: kong-2.49.0
        app.kubernetes.io/instance: "chartsnap"
        app.kubernetes.io/managed-by: "Helm"
        app.kubernetes.io/version: "3.9"
        app.kubernetes.io/component: app
        app: chartsnap-kong
        version: "3.9"
    spec:
      serviceAccountName: chartsnap-kong
      automountServiceAccountToken: false
      containers:
      - name: ingress-controller
        securityContext:
          allowPrivilegeEscalation: false
          capabilities:
            drop:
            - ALL
          readOnlyRootFilesystem: true
          runAsGroup: 1000
          runAsNonRoot: true
          runAsUser: 1000
          seccompProfile:
            type: RuntimeDefault
        args:
        ports:
        - name: webhook
          containerPort: 8080
          protocol: TCP
        - name: cmetrics
          containerPort: 10255
          protocol: TCP
        - name: cstatus
          containerPort: 10254
          protocol: TCP
        env:
        - name: POD_NAME
          valueFrom:
            fieldRef:
              apiVersion: v1
              fieldPath: metadata.name
        - name: POD_NAMESPACE
          valueFrom:
            fieldRef:
              apiVersion: v1
              fieldPath: metadata.namespace
        - name: CONTROLLER_ADMISSION_WEBHOOK_LISTEN
          value: "0.0.0.0:8080"
        - name: CONTROLLER_ANONYMOUS_REPORTS
          value: "false"
        - name: CONTROLLER_ELECTION_ID
          value: "kong-ingress-controller-leader-kong"
        - name: CONTROLLER_INGRESS_CLASS
          value: "kong"
        - name: CONTROLLER_KONG_ADMIN_SVC
          value: "default/chartsnap-gateway-admin"
        - name: CONTROLLER_KONG_ADMIN_TLS_SKIP_VERIFY
          value: "true"
        - name: CONTROLLER_KONNECT_ADDRESS
          value: "https://us.kic.api.konghq.com"
        - name: CONTROLLER_KONNECT_CONTROL_PLANE_ID
          value: "aaaa"
        - name: CONTROLLER_KONNECT_LICENSING_ENABLED
          value: "true"
        - name: CONTROLLER_KONNECT_SYNC_ENABLED
          value: "true"
        - name: CONTROLLER_KONNECT_TLS_CLIENT_CERT
          valueFrom:
            secretKeyRef:
              name: konnect-client-tls
              key: tls.crt
        - name: CONTROLLER_KONNECT_TLS_CLIENT_KEY
          valueFrom:
            secretKeyRef:
              name: konnect-client-tls
              key: tls.key
        - name: CONTROLLER_PUBLISH_SERVICE
          value: "default/chartsnap-kong-proxy"
        image: kong/kubernetes-ingress-controller:3.4
        imagePullPolicy: IfNotPresent
        readinessProbe:
          failureThreshold: 3
          httpGet:
            path: /readyz
            port: 10254
            scheme: HTTP
          initialDelaySeconds: 5
          periodSeconds: 10
          successThreshold: 1
          timeoutSeconds: 5
        livenessProbe:
          failureThreshold: 3
          httpGet:
            path: /healthz
            port: 10254
            scheme: HTTP
          initialDelaySeconds: 5
          periodSeconds: 10
          successThreshold: 1
          timeoutSeconds: 5
        resources: {}
        volumeMounts:
        - name: webhook-cert
          mountPath: /admission-webhook
          readOnly: true
        - name: chartsnap-kong-token
          mountPath: /var/run/secrets/kubernetes.io/serviceaccount
          readOnly: true
      securityContext:
        seccompProfile:
          type: RuntimeDefault
      terminationGracePeriodSeconds: 30
      volumes:
      - name: chartsnap-kong-prefix-dir
        emptyDir:
          sizeLimit: 256Mi
      - name: chartsnap-kong-tmp
        emptyDir:
          sizeLimit: 1Gi
      - name: chartsnap-kong-token
        projected:
          sources:
          - serviceAccountToken:
              expirationSeconds: 3607
              path: token
          - configMap:
              items:
              - key: ca.crt
                path: ca.crt
              name: kube-root-ca.crt
          - downwardAPI:
              items:
              - fieldRef:
                  apiVersion: v1
                  fieldPath: metadata.namespace
                path: namespace
      - name: webhook-cert
        secret:
          secretName: chartsnap-kong-validation-webhook-keypair
---
# Source: kong/templates/admission-webhook.yaml
kind: ValidatingWebhookConfiguration
apiVersion: admissionregistration.k8s.io/v1
metadata:
  name: chartsnap-kong-default-validations
  labels:
    app.kubernetes.io/name: kong
    helm.sh/chart: kong-2.49.0
    app.kubernetes.io/instance: "chartsnap"
    app.kubernetes.io/managed-by: "Helm"
    app.kubernetes.io/version: "3.9"
webhooks:
- admissionReviewVersions:
  - v1
  clientConfig:
    caBundle: '###DYNAMIC_FIELD###'
    service:
      name: chartsnap-kong-validation-webhook
      namespace: default
  failurePolicy: Ignore
  matchPolicy: Equivalent
  name: secrets.credentials.validation.ingress-controller.konghq.com
  objectSelector:
    matchExpressions:
    - key: "konghq.com/credential"
      operator: "Exists"
    - key: "konghq.com/credential"
      operator: "NotIn"
      values:
      - "konnect"
  rules:
  - apiGroups:
    - ""
    apiVersions:
    - v1
    operations:
    - CREATE
    - UPDATE
    resources:
    - secrets
  sideEffects: None
- admissionReviewVersions:
  - v1
  clientConfig:
    caBundle: '###DYNAMIC_FIELD###'
    service:
      name: chartsnap-kong-validation-webhook
      namespace: default
  failurePolicy: Ignore
  matchPolicy: Equivalent
  name: secrets.plugins.validation.ingress-controller.konghq.com
  objectSelector:
    matchExpressions:
    - key: owner
      operator: NotIn
      values:
      - helm
    - key: "konghq.com/credential"
      operator: "NotIn"
      values:
      - "konnect"
  rules:
  - apiGroups:
    - ""
    apiVersions:
    - v1
    operations:
    - CREATE
    - UPDATE
    resources:
    - secrets
  sideEffects: None
- name: validations.kong.konghq.com
  matchPolicy: Equivalent
  objectSelector:
    matchExpressions:
    - key: owner
      operator: NotIn
      values:
      - helm
  failurePolicy: Ignore
  sideEffects: None
  admissionReviewVersions: ["v1beta1"]
  rules:
  - apiGroups:
    - configuration.konghq.com
    apiVersions:
    - '*'
    operations:
    - CREATE
    - UPDATE
    resources:
    - kongconsumers
    - kongplugins
    - kongclusterplugins
    - kongingresses
  - apiGroups:
    - ''
    apiVersions:
    - 'v1'
    operations:
    - CREATE
    - UPDATE
    resources:
    - services
  - apiGroups:
    - networking.k8s.io
    apiVersions:
    - 'v1'
    operations:
    - CREATE
    - UPDATE
    resources:
    - ingresses
  - apiGroups:
    - gateway.networking.k8s.io
    apiVersions:
    - 'v1alpha2'
    - 'v1beta1'
    - 'v1'
    operations:
    - CREATE
    - UPDATE
    resources:
    - gateways
    - httproutes
  clientConfig:
    caBundle: '###DYNAMIC_FIELD###'
    service:
      name: chartsnap-kong-validation-webhook
      namespace: default
